============================= test session starts =============================
platform win32 -- Python 3.12.3, pytest-8.3.0, pluggy-1.6.0 -- C:\Users\Admin\Documents\hackathon\backend\.venv\Scripts\python.exe
cachedir: .pytest_cache
rootdir: C:\Users\Admin\Documents\hackathon\backend
configfile: pytest.ini
testpaths: tests
plugins: anyio-4.13.0, asyncio-0.24.0
asyncio: mode=Mode.AUTO, default_loop_scope=None
collecting ... collected 14 items

tests/test_api.py::test_health_ready PASSED                              [  7%]
tests/test_api.py::test_health_live PASSED                               [ 14%]
tests/test_api.py::test_analyze_no_input PASSED                          [ 21%]
tests/test_api.py::test_analyze_text_only PASSED                         [ 28%]
tests/test_api.py::test_analyze_invalid_file_type PASSED                 [ 35%]
tests/test_models.py::TestIntakeResult::test_valid_intake PASSED         [ 42%]
tests/test_models.py::TestIntakeResult::test_invalid_situation_type PASSED [ 50%]
tests/test_models.py::TestIntakeResult::test_invalid_severity PASSED     [ 57%]
tests/test_models.py::TestIntakeResult::test_empty_entities_allowed FAILED [ 64%]
tests/test_models.py::TestActionItem::test_valid_action FAILED           [ 71%]
tests/test_models.py::TestActionItem::test_confidence_bounds PASSED      [ 78%]
tests/test_models.py::TestActionItem::test_confidence_lower_bound PASSED [ 85%]
tests/test_models.py::TestActionPlan::test_valid_plan FAILED             [ 92%]
tests/test_models.py::TestActionPlan::test_invalid_triage_level PASSED   [100%]

================================== FAILURES ===================================
________________ TestIntakeResult.test_empty_entities_allowed _________________
tests\test_models.py:50: in test_empty_entities_allowed
    result = IntakeResult(
E   pydantic_core._pydantic_core.ValidationError: 1 validation error for IntakeResult
E   location_cues
E     Field required [type=missing, input_value={'situation_type': 'gener...ry': 'General inquiry.'}, input_type=dict]
E       For further information visit https://errors.pydantic.dev/2.10/v/missing
______________________ TestActionItem.test_valid_action _______________________
tests\test_models.py:65: in test_valid_action
    action = ActionItem(
E   pydantic_core._pydantic_core.ValidationError: 1 validation error for ActionItem
E   do_not
E     Field required [type=missing, input_value={'priority': 1, 'action':...: 'AHA ACLS Guidelines'}, input_type=dict]
E       For further information visit https://errors.pydantic.dev/2.10/v/missing
_______________________ TestActionPlan.test_valid_plan ________________________
tests\test_models.py:103: in test_valid_plan
    ActionItem(
E   pydantic_core._pydantic_core.ValidationError: 1 validation error for ActionItem
E   do_not
E     Field required [type=missing, input_value={'priority': 1, 'action':...A Drug Interactions DB'}, input_type=dict]
E       For further information visit https://errors.pydantic.dev/2.10/v/missing
============================== warnings summary ===============================
.venv\Lib\site-packages\pydantic\_internal\_config.py:295
  C:\Users\Admin\Documents\hackathon\backend\.venv\Lib\site-packages\pydantic\_internal\_config.py:295: PydanticDeprecatedSince20: Support for class-based `config` is deprecated, use ConfigDict instead. Deprecated in Pydantic V2.0 to be removed in V3.0. See Pydantic V2 Migration Guide at https://errors.pydantic.dev/2.10/migration/
    warnings.warn(DEPRECATION_MESSAGE, DeprecationWarning)

<frozen importlib._bootstrap>:488
  <frozen importlib._bootstrap>:488: DeprecationWarning: Type google._upb._message.MessageMapContainer uses PyType_Spec with a metaclass that has custom tp_new. This is deprecated and will no longer be allowed in Python 3.14.

<frozen importlib._bootstrap>:488
  <frozen importlib._bootstrap>:488: DeprecationWarning: Type google._upb._message.ScalarMapContainer uses PyType_Spec with a metaclass that has custom tp_new. This is deprecated and will no longer be allowed in Python 3.14.

tests/test_api.py::test_analyze_text_only
tests/test_api.py::test_analyze_text_only
tests/test_api.py::test_analyze_text_only
tests/test_api.py::test_analyze_text_only
tests/test_api.py::test_analyze_text_only
  C:\Users\Admin\Documents\hackathon\backend\.venv\Lib\site-packages\google\genai\types.py:2818: PydanticDeprecatedSince20: The `dict` method is deprecated; use `model_dump` instead. Deprecated in Pydantic V2.0 to be removed in V3.0. See Pydantic V2 Migration Guide at https://errors.pydantic.dev/2.10/migration/
    for field_name, field_value in part.dict(

-- Docs: https://docs.pytest.org/en/stable/how-to/capture-warnings.html
=========================== short test summary info ===========================
FAILED tests/test_models.py::TestIntakeResult::test_empty_entities_allowed - pydantic_core._pydantic_core.ValidationError: 1 validation error for IntakeResult
location_cues
  Field required [type=missing, input_value={'situation_type': 'gener...ry': 'General inquiry.'}, input_type=dict]
    For further information visit https://errors.pydantic.dev/2.10/v/missing
FAILED tests/test_models.py::TestActionItem::test_valid_action - pydantic_core._pydantic_core.ValidationError: 1 validation error for ActionItem
do_not
  Field required [type=missing, input_value={'priority': 1, 'action':...: 'AHA ACLS Guidelines'}, input_type=dict]
    For further information visit https://errors.pydantic.dev/2.10/v/missing
FAILED tests/test_models.py::TestActionPlan::test_valid_plan - pydantic_core._pydantic_core.ValidationError: 1 validation error for ActionItem
do_not
  Field required [type=missing, input_value={'priority': 1, 'action':...A Drug Interactions DB'}, input_type=dict]
    For further information visit https://errors.pydantic.dev/2.10/v/missing
================== 3 failed, 11 passed, 8 warnings in 58.69s ==================
